// Vitest Snapshot v1, https://vitest.dev/guide/snapshot.html

exports[`Checkout > renders 1`] = `<div />`;
